// Jest Snapshot v1, https://goo.gl/fbAQLP

exports[`<NavigationBar /> renders correctly 1`] = `
<div
  className="col-12 channel-search-container col-lg-6"
>
  <div
    className="row channel-search"
  >
    <h3>
      Search for a youtube channel by name
    </h3>
    <input
      className="channel-search-input"
      data-testid="channel-search-input"
      id="channel-search-input"
      onChange={[Function]}
      type="text"
    />
  </div>
</div>
`;
